[pace-multimedia.com/index.html]
[backblue.gif]
[fade.gif]
[index.html]
[cdn.jsdelivr.net/npm/@fortawesome/fontawesome-free@6.4.0/css/all.min.css]
[pace-multimedia.com/css/style.css]
[pace-multimedia.com/images/logo-new-transparent.png]
[pace-multimedia.com/about.html]
[pace-multimedia.com/services.html]
[pace-multimedia.com/careers.html]
[pace-multimedia.com/contact.html]
[pace-multimedia.com/videos/hero-video.mp4]
[pace-multimedia.com/cdn-cgi/l/email-protection]
[pace-multimedia.com/cdn-cgi/scripts/5c5dd728/cloudflare-static/email-decode.min.js]
[pace-multimedia.com/index.html]
[cdn.jsdelivr.net/npm/@fortawesome/fontawesome-free@6.4.0/css/all.min.css]
[pace-multimedia.com/js/main.js]
[pace-multimedia.com/images/san_xuat_video.jpg]
[pace-multimedia.com/images/quan_ly_youtube.jpg]
[pace-multimedia.com/images/sang_tao_noi_dung.jpg]
[pace-multimedia.com/images/hop_tac_san_xuat.jpg]
[pace-multimedia.com/css/style.css]
[pace-multimedia.com/images/logo-new-transparent.png]
[pace-multimedia.com/about.html]
[pace-multimedia.com/services.html]
[cdnjs.cloudflare.com/ajax/libs/font-awesome/6.4.0/css/all.min.css]
[pace-multimedia.com/images/hero-cover.jpg]
[pace-multimedia.com/careers.html]
[pace-multimedia.com/js/careers.js]
[pace-multimedia.com/contact.html]
[pace-multimedia.com/cdn-cgi/l/email-protection.html]
[cdnjs.cloudflare.com/ajax/libs/font-awesome/6.4.0/css/all.min.css]
